jvm-01 JAVA trial=1 attempt=1: TRUE 21818 tokens repairs=0
jvm-01 KOTLIN trial=1 attempt=1: TRUE 22011 tokens repairs=0
jvm-02 KOTLIN trial=1 attempt=1: TRUE 21805 tokens repairs=0
jvm-02 JAVA trial=1 attempt=1: TRUE 21790 tokens repairs=0
jvm-03 JAVA trial=1 attempt=1: TRUE 21807 tokens repairs=0
jvm-03 KOTLIN trial=1 attempt=1: TRUE 21779 tokens repairs=0
jvm-04 JAVA trial=1 attempt=1: TRUE 21847 tokens repairs=0
jvm-04 KOTLIN trial=1 attempt=1: TRUE 21807 tokens repairs=0
jvm-05 KOTLIN trial=1 attempt=1: TRUE 21779 tokens repairs=0
jvm-05 JAVA trial=1 attempt=1: TRUE 21831 tokens repairs=0
jvm-06 JAVA trial=1 attempt=1: TRUE 33684 tokens repairs=0
jvm-06 KOTLIN trial=1 attempt=1: TRUE 57762 tokens repairs=1
jvm-07 JAVA trial=1 attempt=1: TRUE 21833 tokens repairs=0
jvm-07 KOTLIN trial=1 attempt=1: TRUE 21917 tokens repairs=0
jvm-08 KOTLIN trial=1 attempt=1: TRUE 43862 tokens repairs=1
jvm-08 JAVA trial=1 attempt=1: TRUE 22012 tokens repairs=0
jvm-09 JAVA trial=1 attempt=1: TRUE 21982 tokens repairs=0
jvm-09 KOTLIN trial=1 attempt=1: TRUE 21950 tokens repairs=0
jvm-10 JAVA trial=1 attempt=1: TRUE 44020 tokens repairs=1
jvm-10 KOTLIN trial=1 attempt=1: TRUE 44150 tokens repairs=1
jvm-11 KOTLIN trial=1 attempt=1: TRUE 21891 tokens repairs=0
jvm-11 JAVA trial=1 attempt=1: TRUE 21871 tokens repairs=0
jvm-12 JAVA trial=1 attempt=1: TRUE 21822 tokens repairs=0
jvm-12 KOTLIN trial=1 attempt=1: TRUE 22000 tokens repairs=0
jvm-13 JAVA trial=1 attempt=1: TRUE 21818 tokens repairs=0
jvm-13 KOTLIN trial=1 attempt=1: TRUE 21815 tokens repairs=0
jvm-14 KOTLIN trial=1 attempt=1: FALSE 66605 tokens repairs=3
jvm-14 JAVA trial=1 attempt=1: TRUE 21899 tokens repairs=0
jvm-15 JAVA trial=1 attempt=1: TRUE 24424 tokens repairs=0
jvm-15 KOTLIN trial=1 attempt=1: TRUE 24100 tokens repairs=0
jvm-01 KOTLIN trial=2 attempt=1: TRUE 22030 tokens repairs=0
jvm-01 XAX trial=2 attempt=1: TRUE 10942 tokens repairs=0
jvm-01 JAVA trial=2 attempt=1: TRUE 22000 tokens repairs=0
jvm-02 XAX trial=2 attempt=1: TRUE 10906 tokens repairs=0
jvm-02 JAVA trial=2 attempt=1: TRUE 21871 tokens repairs=0
jvm-02 KOTLIN trial=2 attempt=1: TRUE 21906 tokens repairs=0
jvm-03 JAVA trial=2 attempt=1: TRUE 21852 tokens repairs=0
jvm-03 KOTLIN trial=2 attempt=1: TRUE 21799 tokens repairs=0
jvm-03 XAX trial=2 attempt=1: TRUE 10964 tokens repairs=0
jvm-04 KOTLIN trial=2 attempt=1: TRUE 21849 tokens repairs=0
jvm-04 XAX trial=2 attempt=1: TRUE 10921 tokens repairs=0
jvm-04 JAVA trial=2 attempt=1: TRUE 21816 tokens repairs=0
jvm-05 XAX trial=2 attempt=1: TRUE 10935 tokens repairs=0
jvm-05 JAVA trial=2 attempt=1: TRUE 21878 tokens repairs=0
jvm-05 KOTLIN trial=2 attempt=1: TRUE 21834 tokens repairs=0
jvm-06 JAVA trial=2 attempt=1: TRUE 46274 tokens repairs=0
jvm-06 KOTLIN trial=2 attempt=1: TRUE 57663 tokens repairs=1
jvm-06 XAX trial=2 attempt=1: TRUE 10890 tokens repairs=0
jvm-07 KOTLIN trial=2 attempt=1: TRUE 21849 tokens repairs=0
jvm-07 XAX trial=2 attempt=1: TRUE 11157 tokens repairs=0
jvm-07 JAVA trial=2 attempt=1: TRUE 21826 tokens repairs=0
jvm-08 XAX trial=2 attempt=1: TRUE 10991 tokens repairs=0
jvm-08 JAVA trial=2 attempt=1: TRUE 43885 tokens repairs=1
jvm-08 KOTLIN trial=2 attempt=1: TRUE 22030 tokens repairs=0
jvm-09 JAVA trial=2 attempt=1: TRUE 21932 tokens repairs=0
jvm-09 KOTLIN trial=2 attempt=1: TRUE 21932 tokens repairs=0
jvm-09 XAX trial=2 attempt=1: FALSE 34440 tokens repairs=3
jvm-10 KOTLIN trial=2 attempt=1: TRUE 44192 tokens repairs=1
jvm-10 XAX trial=2 attempt=1: TRUE 22039 tokens repairs=1
jvm-10 JAVA trial=2 attempt=1: TRUE 44234 tokens repairs=1
jvm-11 XAX trial=2 attempt=1: TRUE 10991 tokens repairs=0
jvm-11 JAVA trial=2 attempt=1: TRUE 21826 tokens repairs=0
jvm-11 KOTLIN trial=2 attempt=1: TRUE 21924 tokens repairs=0
jvm-12 JAVA trial=2 attempt=1: TRUE 21775 tokens repairs=0
jvm-12 KOTLIN trial=2 attempt=1: TRUE 21956 tokens repairs=0
jvm-12 XAX trial=2 attempt=1: TRUE 10970 tokens repairs=0
jvm-13 KOTLIN trial=2 attempt=1: TRUE 21815 tokens repairs=0
jvm-13 XAX trial=2 attempt=1: TRUE 10920 tokens repairs=0
jvm-13 JAVA trial=2 attempt=1: TRUE 21820 tokens repairs=0
jvm-14 XAX trial=2 attempt=1: TRUE 22329 tokens repairs=1
jvm-14 JAVA trial=2 attempt=1: TRUE 21954 tokens repairs=0
jvm-14 KOTLIN trial=2 attempt=1: TRUE 21978 tokens repairs=0
jvm-15 JAVA trial=2 attempt=1: TRUE 24409 tokens repairs=0
jvm-15 KOTLIN trial=2 attempt=1: TRUE 24078 tokens repairs=0
jvm-15 XAX trial=2 attempt=1: TRUE 11038 tokens repairs=0
jvm-01 XAX trial=3 attempt=1: TRUE 10944 tokens repairs=0
jvm-01 JAVA trial=3 attempt=1: TRUE 21836 tokens repairs=0
jvm-01 KOTLIN trial=3 attempt=1: TRUE 22052 tokens repairs=0
jvm-02 JAVA trial=3 attempt=1: TRUE 21811 tokens repairs=0
jvm-02 KOTLIN trial=3 attempt=1: TRUE 21874 tokens repairs=0
jvm-02 XAX trial=3 attempt=1: TRUE 10906 tokens repairs=0
jvm-03 KOTLIN trial=3 attempt=1: TRUE 21793 tokens repairs=0
jvm-03 XAX trial=3 attempt=1: TRUE 10956 tokens repairs=0
jvm-03 JAVA trial=3 attempt=1: TRUE 21840 tokens repairs=0
jvm-04 XAX trial=3 attempt=1: TRUE 10916 tokens repairs=0
jvm-04 JAVA trial=3 attempt=1: TRUE 21784 tokens repairs=0
jvm-04 KOTLIN trial=3 attempt=1: TRUE 21827 tokens repairs=0
jvm-05 JAVA trial=3 attempt=1: TRUE 21852 tokens repairs=0
jvm-05 KOTLIN trial=3 attempt=1: TRUE 21871 tokens repairs=0
jvm-05 XAX trial=3 attempt=1: TRUE 10949 tokens repairs=0
jvm-06 KOTLIN trial=3 attempt=1: TRUE 57249 tokens repairs=1
jvm-06 XAX trial=3 attempt=1: TRUE 10903 tokens repairs=0
jvm-06 JAVA trial=3 attempt=1: TRUE 61239 tokens repairs=0
jvm-07 XAX trial=3 attempt=1: TRUE 11341 tokens repairs=0
jvm-07 JAVA trial=3 attempt=1: TRUE 21816 tokens repairs=0
jvm-07 KOTLIN trial=3 attempt=1: TRUE 21886 tokens repairs=0
jvm-08 JAVA trial=3 attempt=1: TRUE 22028 tokens repairs=0
jvm-08 KOTLIN trial=3 attempt=1: TRUE 21947 tokens repairs=0
jvm-08 XAX trial=3 attempt=1: TRUE 10976 tokens repairs=0
jvm-09 KOTLIN trial=3 attempt=1: TRUE 21920 tokens repairs=0
jvm-09 XAX trial=3 attempt=1: TRUE 11639 tokens repairs=0
jvm-09 JAVA trial=3 attempt=1: TRUE 21964 tokens repairs=0
jvm-10 XAX trial=3 attempt=1: TRUE 22124 tokens repairs=1
jvm-10 JAVA trial=3 attempt=1: TRUE 44632 tokens repairs=1
jvm-10 KOTLIN trial=3 attempt=1: TRUE 44465 tokens repairs=1
jvm-11 JAVA trial=3 attempt=1: TRUE 21864 tokens repairs=0
jvm-11 KOTLIN trial=3 attempt=1: TRUE 21825 tokens repairs=0
jvm-11 XAX trial=3 attempt=1: TRUE 10980 tokens repairs=0
jvm-12 KOTLIN trial=3 attempt=1: TRUE 22031 tokens repairs=0
jvm-12 XAX trial=3 attempt=1: TRUE 10986 tokens repairs=0
jvm-12 JAVA trial=3 attempt=1: TRUE 21869 tokens repairs=0
jvm-13 XAX trial=3 attempt=1: TRUE 10935 tokens repairs=0
jvm-13 JAVA trial=3 attempt=1: TRUE 21853 tokens repairs=0
jvm-13 KOTLIN trial=3 attempt=1: TRUE 21787 tokens repairs=0
jvm-14 JAVA trial=3 attempt=1: TRUE 21898 tokens repairs=0
jvm-14 KOTLIN trial=3 attempt=1: TRUE 22012 tokens repairs=0
jvm-14 XAX trial=3 attempt=1: TRUE 22397 tokens repairs=1
jvm-15 KOTLIN trial=3 attempt=1: TRUE 24083 tokens repairs=0
jvm-15 XAX trial=3 attempt=1: TRUE 11080 tokens repairs=0
jvm-15 JAVA trial=3 attempt=1: TRUE 24416 tokens repairs=0
