jvm-01 JAVA trial=1 attempt=1: TRUE 21566 tokens repairs=0
jvm-01 KOTLIN trial=1 attempt=1: TRUE 21587 tokens repairs=0
jvm-01 XAX trial=1 attempt=1: TRUE 10647 tokens repairs=0
jvm-02 KOTLIN trial=1 attempt=1: TRUE 21555 tokens repairs=0
jvm-02 XAX trial=1 attempt=1: TRUE 21266 tokens repairs=1
jvm-02 JAVA trial=1 attempt=1: TRUE 21519 tokens repairs=0
jvm-03 XAX trial=1 attempt=1: TRUE 10621 tokens repairs=0
jvm-03 JAVA trial=1 attempt=1: TRUE 21545 tokens repairs=0
jvm-03 KOTLIN trial=1 attempt=1: TRUE 21465 tokens repairs=0
jvm-04 JAVA trial=1 attempt=1: TRUE 21540 tokens repairs=0
jvm-04 KOTLIN trial=1 attempt=1: TRUE 21521 tokens repairs=0
jvm-04 XAX trial=1 attempt=1: TRUE 10689 tokens repairs=0
jvm-05 KOTLIN trial=1 attempt=1: TRUE 21570 tokens repairs=0
jvm-05 XAX trial=1 attempt=1: TRUE 10696 tokens repairs=0
jvm-05 JAVA trial=1 attempt=1: TRUE 21557 tokens repairs=0
jvm-06 XAX trial=1 attempt=1: TRUE 10768 tokens repairs=0
jvm-06 JAVA trial=1 attempt=1: TRUE 10647 tokens repairs=0
jvm-06 KOTLIN trial=1 attempt=1: TRUE 21435 tokens repairs=1
jvm-07 JAVA trial=1 attempt=1: TRUE 21546 tokens repairs=0
jvm-07 KOTLIN trial=1 attempt=1: TRUE 21565 tokens repairs=0
jvm-07 XAX trial=1 attempt=1: TRUE 10778 tokens repairs=0
jvm-08 KOTLIN trial=1 attempt=1: TRUE 21877 tokens repairs=0
jvm-08 XAX trial=1 attempt=1: TRUE 10748 tokens repairs=0
jvm-08 JAVA trial=1 attempt=1: TRUE 21723 tokens repairs=0
jvm-09 XAX trial=1 attempt=1: TRUE 11222 tokens repairs=0
jvm-09 JAVA trial=1 attempt=1: TRUE 21627 tokens repairs=0
jvm-09 KOTLIN trial=1 attempt=1: TRUE 21647 tokens repairs=0
jvm-10 JAVA trial=1 attempt=1: TRUE 43610 tokens repairs=1
jvm-10 KOTLIN trial=1 attempt=1: TRUE 43467 tokens repairs=1
jvm-10 XAX trial=1 attempt=1: TRUE 32593 tokens repairs=2
jvm-11 KOTLIN trial=1 attempt=1: TRUE 21581 tokens repairs=0
jvm-11 XAX trial=1 attempt=1: TRUE 10731 tokens repairs=0
jvm-11 JAVA trial=1 attempt=1: TRUE 21561 tokens repairs=0
jvm-12 XAX trial=1 attempt=1: TRUE 10736 tokens repairs=0
jvm-12 JAVA trial=1 attempt=1: TRUE 21540 tokens repairs=0
jvm-12 KOTLIN trial=1 attempt=1: TRUE 21605 tokens repairs=0
jvm-13 JAVA trial=1 attempt=1: TRUE 21530 tokens repairs=0
jvm-13 KOTLIN trial=1 attempt=1: TRUE 21560 tokens repairs=0
jvm-13 XAX trial=1 attempt=1: TRUE 21392 tokens repairs=1
jvm-14 KOTLIN trial=1 attempt=1: TRUE 21657 tokens repairs=0
jvm-14 XAX trial=1 attempt=1: TRUE 11043 tokens repairs=0
jvm-14 JAVA trial=1 attempt=1: TRUE 21661 tokens repairs=0
jvm-15 XAX trial=1 attempt=1: TRUE 10833 tokens repairs=0
jvm-15 JAVA trial=1 attempt=1: TRUE 24116 tokens repairs=0
jvm-15 KOTLIN trial=1 attempt=1: TRUE 23820 tokens repairs=0
jvm-01 KOTLIN trial=2 attempt=1: TRUE 21709 tokens repairs=0
jvm-01 XAX trial=2 attempt=1: TRUE 10681 tokens repairs=0
jvm-01 JAVA trial=2 attempt=1: TRUE 21749 tokens repairs=0
jvm-02 XAX trial=2 attempt=1: TRUE 21299 tokens repairs=1
jvm-02 JAVA trial=2 attempt=1: TRUE 21502 tokens repairs=0
jvm-02 KOTLIN trial=2 attempt=1: TRUE 21535 tokens repairs=0
jvm-03 JAVA trial=2 attempt=1: TRUE 21505 tokens repairs=0
jvm-03 KOTLIN trial=2 attempt=1: TRUE 21519 tokens repairs=0
jvm-03 XAX trial=2 attempt=1: TRUE 10736 tokens repairs=0
jvm-04 KOTLIN trial=2 attempt=1: TRUE 21532 tokens repairs=0
jvm-04 XAX trial=2 attempt=1: TRUE 10686 tokens repairs=0
jvm-04 JAVA trial=2 attempt=1: TRUE 21509 tokens repairs=0
jvm-05 XAX trial=2 attempt=1: TRUE 10700 tokens repairs=0
jvm-05 JAVA trial=2 attempt=1: TRUE 21507 tokens repairs=0
jvm-05 KOTLIN trial=2 attempt=1: TRUE 21564 tokens repairs=0
jvm-06 JAVA trial=2 attempt=1: TRUE 10652 tokens repairs=0
jvm-06 KOTLIN trial=2 attempt=1: TRUE 21396 tokens repairs=1
jvm-06 XAX trial=2 attempt=1: TRUE 10718 tokens repairs=0
jvm-07 KOTLIN trial=2 attempt=1: TRUE 21555 tokens repairs=0
jvm-07 XAX trial=2 attempt=1: TRUE 11002 tokens repairs=0
jvm-07 JAVA trial=2 attempt=1: TRUE 21537 tokens repairs=0
jvm-08 XAX trial=2 attempt=1: TRUE 10760 tokens repairs=0
jvm-08 JAVA trial=2 attempt=1: TRUE 21600 tokens repairs=0
jvm-08 KOTLIN trial=2 attempt=1: TRUE 21795 tokens repairs=0
jvm-09 JAVA trial=2 attempt=1: TRUE 21629 tokens repairs=0
jvm-09 KOTLIN trial=2 attempt=1: TRUE 21566 tokens repairs=0
jvm-09 XAX trial=2 attempt=1: FALSE 35305 tokens repairs=3
jvm-10 KOTLIN trial=2 attempt=1: TRUE 43796 tokens repairs=1
jvm-10 XAX trial=2 attempt=1: TRUE 21481 tokens repairs=1
jvm-10 JAVA trial=2 attempt=1: TRUE 43397 tokens repairs=1
jvm-11 XAX trial=2 attempt=1: TRUE 10738 tokens repairs=0
jvm-11 JAVA trial=2 attempt=1: TRUE 21574 tokens repairs=0
jvm-11 KOTLIN trial=2 attempt=1: TRUE 21540 tokens repairs=0
jvm-12 JAVA trial=2 attempt=1: TRUE 21471 tokens repairs=0
jvm-12 KOTLIN trial=2 attempt=1: TRUE 21685 tokens repairs=0
jvm-12 XAX trial=2 attempt=1: TRUE 10749 tokens repairs=0
jvm-13 KOTLIN trial=2 attempt=1: TRUE 21579 tokens repairs=0
jvm-13 XAX trial=2 attempt=1: TRUE 10619 tokens repairs=0
jvm-13 JAVA trial=2 attempt=1: TRUE 21567 tokens repairs=0
jvm-14 XAX trial=2 attempt=1: TRUE 11065 tokens repairs=0
jvm-14 JAVA trial=2 attempt=1: TRUE 21662 tokens repairs=0
jvm-14 KOTLIN trial=2 attempt=1: TRUE 65940 tokens repairs=2
jvm-15 JAVA trial=2 attempt=1: TRUE 23972 tokens repairs=0
jvm-15 KOTLIN trial=2 attempt=1: TRUE 23790 tokens repairs=0
jvm-15 XAX trial=2 attempt=1: TRUE 21932 tokens repairs=1
jvm-01 XAX trial=3 attempt=1: TRUE 10645 tokens repairs=0
jvm-01 JAVA trial=3 attempt=1: TRUE 21775 tokens repairs=0
jvm-01 KOTLIN trial=3 attempt=1: TRUE 21543 tokens repairs=0
jvm-02 JAVA trial=3 attempt=1: TRUE 21535 tokens repairs=0
jvm-02 KOTLIN trial=3 attempt=1: TRUE 21544 tokens repairs=0
jvm-02 XAX trial=3 attempt=1: TRUE 10621 tokens repairs=0
jvm-03 KOTLIN trial=3 attempt=1: TRUE 21465 tokens repairs=0
jvm-03 XAX trial=3 attempt=1: TRUE 10690 tokens repairs=0
jvm-03 JAVA trial=3 attempt=1: TRUE 21564 tokens repairs=0
jvm-04 XAX trial=3 attempt=1: TRUE 10689 tokens repairs=0
jvm-04 JAVA trial=3 attempt=1: TRUE 21505 tokens repairs=0
jvm-04 KOTLIN trial=3 attempt=1: TRUE 21503 tokens repairs=0
jvm-05 JAVA trial=3 attempt=1: TRUE 21542 tokens repairs=0
jvm-05 KOTLIN trial=3 attempt=1: TRUE 21479 tokens repairs=0
jvm-05 XAX trial=3 attempt=1: TRUE 10702 tokens repairs=0
jvm-06 KOTLIN trial=3 attempt=1: TRUE 21488 tokens repairs=1
jvm-06 XAX trial=3 attempt=1: TRUE 10722 tokens repairs=0
jvm-06 JAVA trial=3 attempt=1: TRUE 10723 tokens repairs=0
jvm-07 XAX trial=3 attempt=1: FALSE 10755 tokens repairs=1
jvm-07 JAVA trial=3 attempt=1: TRUE 21513 tokens repairs=0
jvm-07 KOTLIN trial=3 attempt=1: TRUE 21553 tokens repairs=0
jvm-08 JAVA trial=3 attempt=1: TRUE 43395 tokens repairs=1
jvm-08 KOTLIN trial=3 attempt=1: TRUE 21805 tokens repairs=0
jvm-08 XAX trial=3 attempt=1: TRUE 10729 tokens repairs=0
jvm-09 KOTLIN trial=3 attempt=1: TRUE 21593 tokens repairs=0
jvm-09 XAX trial=3 attempt=1: TRUE 23226 tokens repairs=1
jvm-09 JAVA trial=3 attempt=1: TRUE 21634 tokens repairs=0
jvm-10 XAX trial=3 attempt=1: TRUE 21514 tokens repairs=1
jvm-10 JAVA trial=3 attempt=1: TRUE 43745 tokens repairs=1
jvm-10 KOTLIN trial=3 attempt=1: FALSE 65397 tokens repairs=3
jvm-11 JAVA trial=3 attempt=1: TRUE 21533 tokens repairs=0
jvm-11 KOTLIN trial=3 attempt=1: TRUE 21536 tokens repairs=0
jvm-11 XAX trial=3 attempt=1: TRUE 10756 tokens repairs=0
jvm-12 KOTLIN trial=3 attempt=1: TRUE 21585 tokens repairs=0
jvm-12 XAX trial=3 attempt=1: TRUE 10712 tokens repairs=0
jvm-12 JAVA trial=3 attempt=1: TRUE 21570 tokens repairs=0
jvm-13 XAX trial=3 attempt=1: TRUE 10620 tokens repairs=0
jvm-13 JAVA trial=3 attempt=1: TRUE 21582 tokens repairs=0
jvm-13 KOTLIN trial=3 attempt=1: TRUE 21530 tokens repairs=0
jvm-14 JAVA trial=3 attempt=1: TRUE 21584 tokens repairs=0
jvm-14 KOTLIN trial=3 attempt=1: TRUE 43457 tokens repairs=1
jvm-14 XAX trial=3 attempt=1: FALSE 32774 tokens repairs=3
jvm-15 KOTLIN trial=3 attempt=1: TRUE 23770 tokens repairs=0
jvm-15 XAX trial=3 attempt=1: TRUE 21705 tokens repairs=1
jvm-15 JAVA trial=3 attempt=1: TRUE 24092 tokens repairs=0
