jvm-01 JAVA: TRUE 50589 tokens
jvm-01 KOTLIN: TRUE 50922 tokens
jvm-01 XAX: TRUE 26358 tokens
jvm-02 KOTLIN: TRUE 50226 tokens
jvm-02 XAX: TRUE 25026 tokens
jvm-02 JAVA: TRUE 52950 tokens
jvm-03 XAX: TRUE 25034 tokens
jvm-03 JAVA: TRUE 50237 tokens
jvm-03 KOTLIN: TRUE 50191 tokens
jvm-04 JAVA: TRUE 53000 tokens
jvm-04 KOTLIN: TRUE 52997 tokens
jvm-04 XAX: TRUE 25026 tokens
jvm-05 KOTLIN: TRUE 50277 tokens
jvm-05 XAX: TRUE 92165 tokens
jvm-05 JAVA: TRUE 53001 tokens
jvm-06 XAX: FALSE 208350 tokens
Traceback (most recent call last):
  File "<frozen runpy>", line 198, in _run_module_as_main
  File "<frozen runpy>", line 88, in _run_code
  File "D:\xax\compiler\benchmarks\run_jvm_r5_ai.py", line 254, in <module>
    raise SystemExit(main())
                     ~~~~^^
  File "D:\xax\compiler\benchmarks\run_jvm_r5_ai.py", line 240, in main
    row = run_cell(*cell)
  File "D:\xax\compiler\benchmarks\run_jvm_r5_ai.py", line 85, in run_cell
    prepare_source(task_id, arm, workspace)
    ~~~~~~~~~~~~~~^^^^^^^^^^^^^^^^^^^^^^^^^
  File "D:\xax\compiler\benchmarks\jvm_r5_ai.py", line 209, in prepare_source
    output.mkdir(parents=True, exist_ok=False)
    ~~~~~~~~~~~~^^^^^^^^^^^^^^^^^^^^^^^^^^^^^^
  File "C:\Users\User\AppData\Local\Programs\Python\Python313\Lib\pathlib\_local.py", line 722, in mkdir
    os.mkdir(self, mode)
    ~~~~~~~~^^^^^^^^^^^^
FileExistsError: [WinError 183] Cannot create a file when that file already exists: 'D:\\xax\\compiler\\benchmarks\\ai_native\\runs-jvm-r5-local\\jvm-06-java-1-1'
