jvm-02 KOTLIN trial=1 attempt=1: TRUE 21483 tokens repairs=0
jvm-02 XAX trial=1 attempt=1: TRUE 10681 tokens repairs=0
jvm-02 JAVA trial=1 attempt=1: TRUE 21516 tokens repairs=0
jvm-03 XAX trial=1 attempt=1: TRUE 10709 tokens repairs=0
jvm-03 JAVA trial=1 attempt=1: TRUE 21527 tokens repairs=0
jvm-03 KOTLIN trial=1 attempt=1: TRUE 21531 tokens repairs=0
jvm-04 JAVA trial=1 attempt=1: TRUE 21555 tokens repairs=0
jvm-04 KOTLIN trial=1 attempt=1: TRUE 21503 tokens repairs=0
jvm-04 XAX trial=1 attempt=1: TRUE 10661 tokens repairs=0
jvm-05 KOTLIN trial=1 attempt=1: TRUE 21523 tokens repairs=0
jvm-05 XAX trial=1 attempt=1: TRUE 10693 tokens repairs=0
jvm-05 JAVA trial=1 attempt=1: TRUE 21521 tokens repairs=0
jvm-06 XAX trial=1 attempt=1: TRUE 10744 tokens repairs=0
jvm-06 JAVA trial=1 attempt=1: TRUE 10745 tokens repairs=0
jvm-06 KOTLIN trial=1 attempt=1: TRUE 21488 tokens repairs=1
jvm-07 JAVA trial=1 attempt=1: TRUE 21564 tokens repairs=0
jvm-07 KOTLIN trial=1 attempt=1: TRUE 21557 tokens repairs=0
jvm-07 XAX trial=1 attempt=1: TRUE 21694 tokens repairs=1
jvm-08 KOTLIN trial=1 attempt=1: TRUE 21666 tokens repairs=0
jvm-08 XAX trial=1 attempt=1: TRUE 10764 tokens repairs=0
jvm-08 JAVA trial=1 attempt=1: TRUE 43396 tokens repairs=1
jvm-09 XAX trial=1 attempt=1: TRUE 11835 tokens repairs=0
jvm-09 JAVA trial=1 attempt=1: TRUE 21690 tokens repairs=0
jvm-09 KOTLIN trial=1 attempt=1: TRUE 21581 tokens repairs=0
jvm-10 JAVA trial=1 attempt=1: TRUE 43681 tokens repairs=1
jvm-10 KOTLIN trial=1 attempt=1: TRUE 43891 tokens repairs=1
jvm-10 XAX trial=1 attempt=1: TRUE 32788 tokens repairs=2
jvm-11 KOTLIN trial=1 attempt=1: TRUE 21515 tokens repairs=0
jvm-11 XAX trial=1 attempt=1: TRUE 10784 tokens repairs=0
jvm-11 JAVA trial=1 attempt=1: TRUE 21565 tokens repairs=0
jvm-12 XAX trial=1 attempt=1: TRUE 10734 tokens repairs=0
jvm-12 JAVA trial=1 attempt=1: TRUE 21545 tokens repairs=0
jvm-12 KOTLIN trial=1 attempt=1: TRUE 21662 tokens repairs=0
jvm-13 JAVA trial=1 attempt=1: TRUE 21538 tokens repairs=0
jvm-13 KOTLIN trial=1 attempt=1: TRUE 21531 tokens repairs=0
jvm-13 XAX trial=1 attempt=1: TRUE 21596 tokens repairs=1
jvm-14 KOTLIN trial=1 attempt=1: TRUE 21630 tokens repairs=0
jvm-14 XAX trial=1 attempt=1: TRUE 11034 tokens repairs=0
jvm-14 JAVA trial=1 attempt=1: TRUE 21579 tokens repairs=0
jvm-15 XAX trial=1 attempt=1: TRUE 10883 tokens repairs=0
jvm-15 JAVA trial=1 attempt=1: TRUE 24091 tokens repairs=0
jvm-15 KOTLIN trial=1 attempt=1: TRUE 23726 tokens repairs=0
jvm-01 JAVA trial=2 attempt=2: TRUE 21512 tokens repairs=0
jvm-02 XAX trial=2 attempt=1: TRUE 21399 tokens repairs=1
jvm-02 JAVA trial=2 attempt=1: TRUE 21494 tokens repairs=0
jvm-02 KOTLIN trial=2 attempt=1: TRUE 21556 tokens repairs=0
jvm-03 JAVA trial=2 attempt=1: TRUE 21564 tokens repairs=0
jvm-03 KOTLIN trial=2 attempt=1: TRUE 21508 tokens repairs=0
jvm-03 XAX trial=2 attempt=1: TRUE 10740 tokens repairs=0
jvm-04 KOTLIN trial=2 attempt=1: TRUE 21489 tokens repairs=0
jvm-04 XAX trial=2 attempt=1: TRUE 10686 tokens repairs=0
jvm-04 JAVA trial=2 attempt=1: TRUE 21468 tokens repairs=0
jvm-05 XAX trial=2 attempt=1: TRUE 10665 tokens repairs=0
jvm-05 JAVA trial=2 attempt=1: TRUE 21538 tokens repairs=0
jvm-05 KOTLIN trial=2 attempt=1: TRUE 21534 tokens repairs=0
jvm-06 JAVA trial=2 attempt=1: TRUE 10680 tokens repairs=0
jvm-06 KOTLIN trial=2 attempt=1: TRUE 21558 tokens repairs=1
jvm-06 XAX trial=2 attempt=1: TRUE 10734 tokens repairs=0
jvm-07 KOTLIN trial=2 attempt=1: TRUE 21524 tokens repairs=0
jvm-07 XAX trial=2 attempt=1: TRUE 21914 tokens repairs=1
jvm-07 JAVA trial=2 attempt=1: TRUE 21608 tokens repairs=0
jvm-08 XAX trial=2 attempt=1: TRUE 10767 tokens repairs=0
jvm-08 JAVA trial=2 attempt=1: TRUE 21719 tokens repairs=0
jvm-08 KOTLIN trial=2 attempt=1: TRUE 21757 tokens repairs=0
jvm-09 JAVA trial=2 attempt=1: TRUE 21642 tokens repairs=0
jvm-09 KOTLIN trial=2 attempt=1: TRUE 21607 tokens repairs=0
jvm-09 XAX trial=2 attempt=1: TRUE 12254 tokens repairs=0
jvm-10 KOTLIN trial=2 attempt=1: TRUE 43487 tokens repairs=1
jvm-10 XAX trial=2 attempt=1: FALSE 32420 tokens repairs=3
jvm-10 JAVA trial=2 attempt=1: TRUE 43504 tokens repairs=1
jvm-11 XAX trial=2 attempt=1: TRUE 10763 tokens repairs=0
jvm-11 JAVA trial=2 attempt=1: TRUE 21608 tokens repairs=0
jvm-11 KOTLIN trial=2 attempt=1: TRUE 21501 tokens repairs=0
jvm-12 JAVA trial=2 attempt=1: TRUE 21537 tokens repairs=0
jvm-12 KOTLIN trial=2 attempt=1: FALSE 66323 tokens repairs=3
jvm-12 XAX trial=2 attempt=1: TRUE 10725 tokens repairs=0
jvm-13 KOTLIN trial=2 attempt=1: TRUE 21565 tokens repairs=0
jvm-13 XAX trial=2 attempt=1: TRUE 22221 tokens repairs=1
jvm-13 JAVA trial=2 attempt=1: TRUE 21580 tokens repairs=0
jvm-14 XAX trial=2 attempt=1: TRUE 11087 tokens repairs=0
jvm-14 JAVA trial=2 attempt=1: TRUE 21567 tokens repairs=0
jvm-14 KOTLIN trial=2 attempt=1: TRUE 21642 tokens repairs=0
jvm-15 JAVA trial=2 attempt=1: TRUE 24111 tokens repairs=0
jvm-15 KOTLIN trial=2 attempt=1: TRUE 23749 tokens repairs=0
jvm-15 XAX trial=2 attempt=1: TRUE 10831 tokens repairs=0
jvm-02 JAVA trial=3 attempt=1: TRUE 21502 tokens repairs=0
jvm-02 KOTLIN trial=3 attempt=1: TRUE 21471 tokens repairs=0
jvm-02 XAX trial=3 attempt=1: TRUE 21406 tokens repairs=1
jvm-03 KOTLIN trial=3 attempt=1: TRUE 21487 tokens repairs=0
jvm-03 XAX trial=3 attempt=1: TRUE 10717 tokens repairs=0
jvm-03 JAVA trial=3 attempt=1: TRUE 21471 tokens repairs=0
jvm-04 XAX trial=3 attempt=1: TRUE 10661 tokens repairs=0
jvm-04 JAVA trial=3 attempt=1: TRUE 21528 tokens repairs=0
jvm-04 KOTLIN trial=3 attempt=1: TRUE 21538 tokens repairs=0
jvm-05 JAVA trial=3 attempt=1: TRUE 21554 tokens repairs=0
jvm-05 KOTLIN trial=3 attempt=1: TRUE 21554 tokens repairs=0
jvm-05 XAX trial=3 attempt=1: TRUE 10702 tokens repairs=0
jvm-06 KOTLIN trial=3 attempt=1: TRUE 21523 tokens repairs=1
jvm-06 XAX trial=3 attempt=1: TRUE 10731 tokens repairs=0
jvm-06 JAVA trial=3 attempt=1: TRUE 10641 tokens repairs=0
jvm-07 XAX trial=3 attempt=1: TRUE 10825 tokens repairs=0
jvm-07 JAVA trial=3 attempt=1: TRUE 21588 tokens repairs=0
jvm-07 KOTLIN trial=3 attempt=1: FALSE 64905 tokens repairs=3
jvm-08 JAVA trial=3 attempt=1: TRUE 21659 tokens repairs=0
jvm-08 KOTLIN trial=3 attempt=1: TRUE 21737 tokens repairs=0
jvm-08 XAX trial=3 attempt=1: TRUE 10758 tokens repairs=0
jvm-09 KOTLIN trial=3 attempt=1: TRUE 21622 tokens repairs=0
jvm-09 XAX trial=3 attempt=1: TRUE 11222 tokens repairs=0
jvm-09 JAVA trial=3 attempt=1: TRUE 21604 tokens repairs=0
jvm-10 XAX trial=3 attempt=1: TRUE 21623 tokens repairs=1
jvm-10 JAVA trial=3 attempt=1: TRUE 43356 tokens repairs=1
jvm-10 KOTLIN trial=3 attempt=1: FALSE 65443 tokens repairs=3
jvm-11 JAVA trial=3 attempt=1: TRUE 21532 tokens repairs=0
jvm-11 KOTLIN trial=3 attempt=1: TRUE 21539 tokens repairs=0
jvm-11 XAX trial=3 attempt=1: TRUE 10741 tokens repairs=0
jvm-12 KOTLIN trial=3 attempt=1: FALSE 65840 tokens repairs=3
jvm-12 XAX trial=3 attempt=1: TRUE 10731 tokens repairs=0
jvm-12 JAVA trial=3 attempt=1: TRUE 21535 tokens repairs=0
jvm-13 XAX trial=3 attempt=1: TRUE 32594 tokens repairs=2
jvm-13 JAVA trial=3 attempt=1: TRUE 21575 tokens repairs=0
jvm-13 KOTLIN trial=3 attempt=1: TRUE 21527 tokens repairs=0
jvm-14 JAVA trial=3 attempt=1: TRUE 21594 tokens repairs=0
jvm-14 KOTLIN trial=3 attempt=1: TRUE 21615 tokens repairs=0
jvm-14 XAX trial=3 attempt=1: FALSE 33057 tokens repairs=3
jvm-15 KOTLIN trial=3 attempt=1: TRUE 23794 tokens repairs=0
jvm-15 XAX trial=3 attempt=1: TRUE 10905 tokens repairs=0
jvm-15 JAVA trial=3 attempt=1: TRUE 24149 tokens repairs=0
